
> insbr-api@1.0.0 build
> tsc

src/application/services/transfer.service.ts(36,21): error TS2304: Cannot find name 'TransferStatus'.
src/application/services/transfer.service.ts(50,13): error TS2353: Object literal may only specify known properties, and 'status' does not exist in type 'CreateTransferDto'.
src/application/services/transfer.service.ts(153,30): error TS2304: Cannot find name 'TransferStatus'.
src/infrastructure/memory/repositories/transfer.repository.impl.ts(8,15): error TS2322: Type '{ status: "PENDING"; createdAt: Date; toBranchId: string; items: TransferItem[]; notes?: string | undefined; createdBy: string; fromBranchId: string; type?: TransferType; id: `${string}-${string}-${string}-${string}-${string}`; }' is not assignable to type 'Transfer'.
  Types of property 'type' are incompatible.
    Type 'TransferType | undefined' is not assignable to type 'TransferType'.
      Type 'undefined' is not assignable to type 'TransferType'.
src/infrastructure/turso/repositories/transfer.repository.turso.ts(6,52): error TS2552: Cannot find name 'TransferType'. Did you mean 'Transfer'?
src/infrastructure/turso/repositories/transfer.repository.turso.ts(165,40): error TS2552: Cannot find name 'TransferType'. Did you mean 'Transfer'?
src/scripts/run-turso-migration.ts(32,33): error TS18046: 'err' is of type 'unknown'.
src/scripts/test-transfer-direct.ts(11,33): error TS2322: Type 'string | undefined' is not assignable to type 'string'.
  Type 'undefined' is not assignable to type 'string'.
